c:\nxp\mcuxpressoide_11.4.1_6260\ide\plugins\com.nxp.mcuxpresso.tools.win32_11.4.0.202103011116\tools\arm-none-eabi\include\c++\10.2.1\bits\stl_vector.h:128:14:std::_Vector_base<CALLBACK*, std::allocator<CALLBACK*> >::_Vector_impl::~_Vector_impl()	16	static
c:\nxp\mcuxpressoide_11.4.1_6260\ide\plugins\com.nxp.mcuxpresso.tools.win32_11.4.0.202103011116\tools\arm-none-eabi\include\c++\10.2.1\bits\stl_vector.h:288:7:std::_Vector_base<_Tp, _Alloc>::_Vector_base() [with _Tp = CALLBACK*; _Alloc = std::allocator<CALLBACK*>]	16	static
c:\nxp\mcuxpressoide_11.4.1_6260\ide\plugins\com.nxp.mcuxpresso.tools.win32_11.4.0.202103011116\tools\arm-none-eabi\include\c++\10.2.1\bits\stl_vector.h:487:7:std::vector<_Tp, _Alloc>::vector() [with _Tp = CALLBACK*; _Alloc = std::allocator<CALLBACK*>]	16	static
../src/SYSTICK_Driver/SYSTICK.cpp:16:1:SYSTICK::SYSTICK(uint32_t)	24	static
../src/SYSTICK_Driver/SYSTICK.cpp:34:6:void SysTick_Handler()	24	static
c:\nxp\mcuxpressoide_11.4.1_6260\ide\plugins\com.nxp.mcuxpresso.tools.win32_11.4.0.202103011116\tools\arm-none-eabi\include\c++\10.2.1\bits\stl_vector.h:131:2:std::_Vector_base<_Tp, _Alloc>::_Vector_impl::_Vector_impl() [with _Tp = CALLBACK*; _Alloc = std::allocator<CALLBACK*>]	16	static
c:\nxp\mcuxpressoide_11.4.1_6260\ide\plugins\com.nxp.mcuxpresso.tools.win32_11.4.0.202103011116\tools\arm-none-eabi\include\c++\10.2.1\bits\allocator.h:162:7:std::allocator< <template-parameter-1-1> >::~allocator() [with _Tp = CALLBACK*]	16	static
c:\nxp\mcuxpressoide_11.4.1_6260\ide\plugins\com.nxp.mcuxpresso.tools.win32_11.4.0.202103011116\tools\arm-none-eabi\include\c++\10.2.1\bits\stl_vector.h:333:7:std::_Vector_base<_Tp, _Alloc>::~_Vector_base() [with _Tp = CALLBACK*; _Alloc = std::allocator<CALLBACK*>]	16	static
c:\nxp\mcuxpressoide_11.4.1_6260\ide\plugins\com.nxp.mcuxpresso.tools.win32_11.4.0.202103011116\tools\arm-none-eabi\include\c++\10.2.1\bits\stl_vector.h:811:7:std::vector<_Tp, _Alloc>::iterator std::vector<_Tp, _Alloc>::begin() [with _Tp = CALLBACK*; _Alloc = std::allocator<CALLBACK*>]	24	static
c:\nxp\mcuxpressoide_11.4.1_6260\ide\plugins\com.nxp.mcuxpresso.tools.win32_11.4.0.202103011116\tools\arm-none-eabi\include\c++\10.2.1\bits\stl_vector.h:829:7:std::vector<_Tp, _Alloc>::iterator std::vector<_Tp, _Alloc>::end() [with _Tp = CALLBACK*; _Alloc = std::allocator<CALLBACK*>]	24	static
c:\nxp\mcuxpressoide_11.4.1_6260\ide\plugins\com.nxp.mcuxpresso.tools.win32_11.4.0.202103011116\tools\arm-none-eabi\include\c++\10.2.1\bits\stl_iterator.h:1113:5:bool __gnu_cxx::operator!=(const __gnu_cxx::__normal_iterator<_Iterator, _Container>&, const __gnu_cxx::__normal_iterator<_Iterator, _Container>&) [with _Iterator = CALLBACK**; _Container = std::vector<CALLBACK*>]	24	static
c:\nxp\mcuxpressoide_11.4.1_6260\ide\plugins\com.nxp.mcuxpresso.tools.win32_11.4.0.202103011116\tools\arm-none-eabi\include\c++\10.2.1\bits\stl_iterator.h:1003:7:__gnu_cxx::__normal_iterator<_Iterator, _Container>& __gnu_cxx::__normal_iterator<_Iterator, _Container>::operator++() [with _Iterator = CALLBACK**; _Container = std::vector<CALLBACK*>]	16	static
c:\nxp\mcuxpressoide_11.4.1_6260\ide\plugins\com.nxp.mcuxpresso.tools.win32_11.4.0.202103011116\tools\arm-none-eabi\include\c++\10.2.1\bits\stl_iterator.h:993:7:__gnu_cxx::__normal_iterator<_Iterator, _Container>::reference __gnu_cxx::__normal_iterator<_Iterator, _Container>::operator*() const [with _Iterator = CALLBACK**; _Container = std::vector<CALLBACK*>]	16	static
c:\nxp\mcuxpressoide_11.4.1_6260\ide\plugins\com.nxp.mcuxpresso.tools.win32_11.4.0.202103011116\tools\arm-none-eabi\include\c++\10.2.1\bits\allocator.h:144:7:std::allocator< <template-parameter-1-1> >::allocator() [with _Tp = CALLBACK*]	16	static
c:\nxp\mcuxpressoide_11.4.1_6260\ide\plugins\com.nxp.mcuxpresso.tools.win32_11.4.0.202103011116\tools\arm-none-eabi\include\c++\10.2.1\bits\stl_vector.h:97:2:std::_Vector_base<_Tp, _Alloc>::_Vector_impl_data::_Vector_impl_data() [with _Tp = CALLBACK*; _Alloc = std::allocator<CALLBACK*>]	16	static
c:\nxp\mcuxpressoide_11.4.1_6260\ide\plugins\com.nxp.mcuxpresso.tools.win32_11.4.0.202103011116\tools\arm-none-eabi\include\c++\10.2.1\ext\new_allocator.h:89:7:__gnu_cxx::new_allocator<_Tp>::~new_allocator() [with _Tp = CALLBACK*]	16	static
c:\nxp\mcuxpressoide_11.4.1_6260\ide\plugins\com.nxp.mcuxpresso.tools.win32_11.4.0.202103011116\tools\arm-none-eabi\include\c++\10.2.1\bits\stl_vector.h:350:7:void std::_Vector_base<_Tp, _Alloc>::_M_deallocate(std::_Vector_base<_Tp, _Alloc>::pointer, std::size_t) [with _Tp = CALLBACK*; _Alloc = std::allocator<CALLBACK*>]	24	static
c:\nxp\mcuxpressoide_11.4.1_6260\ide\plugins\com.nxp.mcuxpresso.tools.win32_11.4.0.202103011116\tools\arm-none-eabi\include\c++\10.2.1\bits\stl_iterator.h:978:7:__gnu_cxx::__normal_iterator<_Iterator, _Container>::__normal_iterator(const _Iterator&) [with _Iterator = CALLBACK**; _Container = std::vector<CALLBACK*>]	16	static
c:\nxp\mcuxpressoide_11.4.1_6260\ide\plugins\com.nxp.mcuxpresso.tools.win32_11.4.0.202103011116\tools\arm-none-eabi\include\c++\10.2.1\bits\stl_iterator.h:1056:7:const _Iterator& __gnu_cxx::__normal_iterator<_Iterator, _Container>::base() const [with _Iterator = CALLBACK**; _Container = std::vector<CALLBACK*>]	16	static
c:\nxp\mcuxpressoide_11.4.1_6260\ide\plugins\com.nxp.mcuxpresso.tools.win32_11.4.0.202103011116\tools\arm-none-eabi\include\c++\10.2.1\ext\new_allocator.h:79:7:__gnu_cxx::new_allocator<_Tp>::new_allocator() [with _Tp = CALLBACK*]	16	static
c:\nxp\mcuxpressoide_11.4.1_6260\ide\plugins\com.nxp.mcuxpresso.tools.win32_11.4.0.202103011116\tools\arm-none-eabi\include\c++\10.2.1\bits\alloc_traits.h:491:7:static void std::allocator_traits<std::allocator<_Tp1> >::deallocate(std::allocator_traits<std::allocator<_Tp1> >::allocator_type&, std::allocator_traits<std::allocator<_Tp1> >::pointer, std::allocator_traits<std::allocator<_Tp1> >::size_type) [with _Tp = CALLBACK*]	24	static
c:\nxp\mcuxpressoide_11.4.1_6260\ide\plugins\com.nxp.mcuxpresso.tools.win32_11.4.0.202103011116\tools\arm-none-eabi\include\c++\10.2.1\ext\new_allocator.h:120:7:void __gnu_cxx::new_allocator<_Tp>::deallocate(_Tp*, __gnu_cxx::new_allocator<_Tp>::size_type) [with _Tp = CALLBACK*]	24	static
../src/SYSTICK_Driver/SYSTICK.cpp:38:1:void __static_initialization_and_destruction_0(int, int)	16	static
c:\nxp\mcuxpressoide_11.4.1_6260\ide\plugins\com.nxp.mcuxpresso.tools.win32_11.4.0.202103011116\tools\arm-none-eabi\include\c++\10.2.1\bits\stl_vector.h:678:7:std::vector<_Tp, _Alloc>::~vector() [with _Tp = CALLBACK*; _Alloc = std::allocator<CALLBACK*>]	24	static
c:\nxp\mcuxpressoide_11.4.1_6260\ide\plugins\com.nxp.mcuxpresso.tools.win32_11.4.0.202103011116\tools\arm-none-eabi\include\c++\10.2.1\bits\stl_vector.h:276:7:std::_Vector_base<_Tp, _Alloc>::_Tp_alloc_type& std::_Vector_base<_Tp, _Alloc>::_M_get_Tp_allocator() [with _Tp = CALLBACK*; _Alloc = std::allocator<CALLBACK*>]	16	static
c:\nxp\mcuxpressoide_11.4.1_6260\ide\plugins\com.nxp.mcuxpresso.tools.win32_11.4.0.202103011116\tools\arm-none-eabi\include\c++\10.2.1\bits\alloc_traits.h:735:5:void std::_Destroy(_ForwardIterator, _ForwardIterator, std::allocator<_T2>&) [with _ForwardIterator = CALLBACK**; _Tp = CALLBACK*]	24	static
c:\nxp\mcuxpressoide_11.4.1_6260\ide\plugins\com.nxp.mcuxpresso.tools.win32_11.4.0.202103011116\tools\arm-none-eabi\include\c++\10.2.1\bits\stl_construct.h:171:5:void std::_Destroy(_ForwardIterator, _ForwardIterator) [with _ForwardIterator = CALLBACK**]	16	static
c:\nxp\mcuxpressoide_11.4.1_6260\ide\plugins\com.nxp.mcuxpresso.tools.win32_11.4.0.202103011116\tools\arm-none-eabi\include\c++\10.2.1\bits\stl_construct.h:161:9:static void std::_Destroy_aux<true>::__destroy(_ForwardIterator, _ForwardIterator) [with _ForwardIterator = CALLBACK**]	16	static
../src/SYSTICK_Driver/SYSTICK.cpp:38:1:cpp)	8	static
